Case #1: 3 7
Case #2: NONE
Case #3: 72 89
Case #4: 123 333
